
[1mÔòöÔòÉÔòÉÔòÉÔòÉÔòÉÔòÉÔòÉÔòÉÔòÉÔòÉÔòÉÔòÉÔòÉÔòÉÔòÉÔòÉÔòÉÔòÉÔòÉÔòÉÔòÉÔòÉÔòÉÔòÉÔòÉÔòÉÔòÉÔòÉÔòÉÔòÉÔòÉÔòÉÔòÉÔòÉÔòÉÔòÉÔòÉÔòÉÔòÉÔòÉÔòÉÔòÉÔòù[0m
[1mÔòæ     Z-VAULT LOCAL TEST SUITE             Ôòæ[0m
[1mÔòÜÔòÉÔòÉÔòÉÔòÉÔòÉÔòÉÔòÉÔòÉÔòÉÔòÉÔòÉÔòÉÔòÉÔòÉÔòÉÔòÉÔòÉÔòÉÔòÉÔòÉÔòÉÔòÉÔòÉÔòÉÔòÉÔòÉÔòÉÔòÉÔòÉÔòÉÔòÉÔòÉÔòÉÔòÉÔòÉÔòÉÔòÉÔòÉÔòÉÔòÉÔòÉÔòÉÔòØ[0m

[36m[1mÔöüÔöüÔöü Test 1: Fee Calculation ÔÇö Slab System ÔöüÔöüÔöü[0m

  [2mActive Account Fee Calculation:[0m
  [2m  Base: 13.5 TRX ├ù $0.29 = $3.9150 USDT[0m
  [2m  Markup: $3.9150 ├ù 15% = $0.5872 USDT[0m
  [2m  Total Fee: $4.5022 USDT[0m
  [32mÔ£ô[0m Active account base = 13.5 TRX
  [32mÔ£ô[0m Active USDT equiv Ôëê 3.915
  [32mÔ£ô[0m Active markup Ôëê 0.587
  [32mÔ£ô[0m Active total fee Ôëê 4.50

  [2mNew Account Fee Calculation:[0m
  [2m  Base: 27 TRX ├ù $0.29 = $7.8300 USDT[0m
  [2m  Markup: $7.8300 ├ù 15% = $1.1745 USDT[0m
  [2m  Total Fee: $9.0045 USDT[0m
  [32mÔ£ô[0m New account base = 27 TRX
  [32mÔ£ô[0m New USDT equiv Ôëê 7.83
  [32mÔ£ô[0m New markup Ôëê 1.175
  [32mÔ£ô[0m New total fee Ôëê 9.00

[36m[1mÔöüÔöüÔöü Test 2: USDT Ôåö Sun Conversion ÔöüÔöüÔöü[0m
  [32mÔ£ô[0m USDT decimals = 6
  [32mÔ£ô[0m 10.5 USDT = 10,500,000 sun
  [32mÔ£ô[0m 10,500,000 sun = 10.5 USDT
  [32mÔ£ô[0m 0.000001 USDT = 1 sun

[36m[1mÔöüÔöüÔöü Test 3: Total Deduction Simulation ÔöüÔöüÔöü[0m

  [2mScenario: Send 10 USDT to active account[0m
  [2m  Send: 10 USDT[0m
  [2m  Fee:  4.50 USDT[0m
  [2m  Total: 14.50 USDT deducted from wallet[0m
  [32mÔ£ô[0m Active: 10 USDT send ÔåÆ ~14.50 USDT deducted

  [2mScenario: Send 10 USDT to new account[0m
  [2m  Send: 10 USDT[0m
  [2m  Fee:  9.00 USDT[0m
  [2m  Total: 19.00 USDT deducted from wallet[0m
  [32mÔ£ô[0m New: 10 USDT send ÔåÆ ~19.00 USDT deducted

  [2mScenario: 100 USDT wallet, 0 TRX, sending 90 USDT[0m
  [32mÔ£ô[0m Active recipient: 90 + 4.50 = 94.50 Ôëñ 100 Ô£ô (can send)
  [32mÔ£ô[0m New recipient: 90 + 9.00 = 99.00 Ôëñ 100 Ô£ô (can send)
  [32mÔ£ô[0m New recipient: 96 + 9.00 = 105.00 > 100 Ô£ù (insufficient!)

[36m[1mÔöüÔöüÔöü Test 4: Configuration ÔöüÔöüÔöü[0m
  [32mÔ£ô[0m TRX price = $0.29
  [32mÔ£ô[0m Markup = 15%
  [32mÔ£ô[0m Active fee = 13.5 TRX
  [32mÔ£ô[0m New fee = 27 TRX
  [32mÔ£ô[0m USDT decimals = 6
  [32mÔ£ô[0m Port = 3000
  [32mÔ£ô[0m RPC URL contains "nile"

[36m[1mÔöüÔöüÔöü Test 5: API Endpoints (localhost:3000) ÔöüÔöüÔöü[0m
  [32mÔ£ô[0m GET /api/health ÔåÆ status: degraded
  [32mÔ£ô[0m GET /api/config ÔåÆ trxPrice: 0.29
  [32mÔ£ô[0m GET /api/config ÔåÆ markup: 15%
  [32mÔ£ô[0m POST /api/quote ÔåÆ success
  [32mÔ£ô[0m Quote sendAmount = 10
  [32mÔ£ô[0m Quote totalFee Ôëê 4.50 or 9.00

  [2mFull quote response:[0m
  [2m{
    "sendAmount": 10,
    "recipientIsActive": true,
    "networkFeeTRX": 13.5,
    "networkFeeUSDT": 3.915,
    "markupUSDT": 0.58725,
    "totalFeeUSDT": 4.50225,
    "totalDeduction": 14.50225,
    "trxPriceUsed": 0.29
  }[0m

[1mÔöüÔöüÔöü Results ÔöüÔöüÔöü[0m
  [32m30 passed[0m  0 failed[0m
  Total: 30 tests

